// Jest Snapshot v1, https://goo.gl/fbAQLP

exports[`Button.vue Render button with children 1`] = `
<button
  class=""
>
  
  Click Here
  
</button>
`;
