// Jest Snapshot v1, https://goo.gl/fbAQLP

exports[`Footer.vue Render Footer component 1`] = `
<footer>
  <p>
    Â© 2021 Carlos Hallan All rights reserved.
  </p>
</footer>
`;
