// Jest Snapshot v1, https://goo.gl/fbAQLP

exports[`Navigator.vue Render Navigator 1`] = `
<nav>
  <li
    class="router-link-exact-active active"
  >
    
    Home
  
  </li>
  <li
    class=""
  >
    
    Work
  
  </li>
  <li
    class=""
  >
    
    post
  
  </li>
</nav>
`;
