// Jest Snapshot v1, https://goo.gl/fbAQLP

exports[`Timeline.vue Render timeline component 1`] = `
<div
  class="WorkTimeline"
/>
`;
